---
source: src/db_ex/db_test.rs
expression: "deserialize::<Vec<App>>(reset_bin.clone())"
---
[
    App {
        id: "app:[UID]",
        name: "adf",
    },
]
