---
source: src/macro_model/method_macro.rs
expression: "App::create_app_check(&instance).await"
---
true
