---
source: src/macro_model/method_macro/test_smethod.rs
expression: "format!(\"create app CONTENT {}\", instance)"
---
"create app CONTENT { accounts: [17682318111, 17681951111], id: 'app:[UID]', name: 'adf', opt_name: NONE }"
