---
source: src/macro_model/method_macro/test_smethod.rs
expression: "App::get_app_execute(&instance).await"
---
[]
