---
source: src/macro_model/method_macro/test_smethod.rs
expression: "App::delete_check(&instance).await"
---
false
