---
source: src/macro_model/method_macro/test_smethod.rs
expression: "format!(\"delete app where name='{}'\", instance.name)"
---
"delete app where name='adf'"
