---
source: src/relate_ex.rs
expression: v
---
[
    Object(
        Object(
            {
                "id": Thing(
                    Thing {
                        tb: "identity",
                        id: String(
                            "ytwrqhq23qgwslqcnv3j",
                        ),
                    },
                ),
                "in": Thing(
                    Thing {
                        tb: "mobile",
                        id: Number(
                            123,
                        ),
                    },
                ),
                "out": Thing(
                    Thing {
                        tb: "account",
                        id: String(
                            "hz",
                        ),
                    },
                ),
            },
        ),
    ),
]
