---
source: src/str_db.rs
expression: ret
---
[
    App {
        id: "app:i2esfym6g2fh06svw449",
        name: "adf",
        opt_name: None,
        accounts: [
            17682318111,
            17681951111,
        ],
    },
]
